[casoinglesmariana.com.br/index.html]
[backblue.gif]
[fade.gif]
[index.html]
[casoinglesmariana.com.br/wp-content/themes/astra/assets/css/minified/main.min3430.css]
[casoinglesmariana.com.br/feed/index.html]
[casoinglesmariana.com.br/wp-includes/css/dist/block-library/style.min6a4d.css]
[casoinglesmariana.com.br/wp-content/uploads/elementor/css/custom-frontend-lite.mina4eb.css]
[casoinglesmariana.com.br/comments/feed/index.html]
[casoinglesmariana.com.br/wp-content/uploads/elementor/css/post-74a4eb.css]
[casoinglesmariana.com.br/wp-content/plugins/powerpack-lite-for-elementor/assets/css/min/frontend.min653d.css]
[casoinglesmariana.com.br/wp-content/uploads/elementor/css/custom-pro-frontend-lite.mina4eb.css]
[casoinglesmariana.com.br/wp-content/uploads/elementor/css/globala4eb.css]
[casoinglesmariana.com.br/wp-content/uploads/elementor/css/post-7114f92.css]
[casoinglesmariana.com.br/wp-content/plugins/essential-addons-for-elementor-lite/assets/front-end/css/view/general.mind03b.css]
[casoinglesmariana.com.br/wp-content/plugins/wpo365-login/apps/dist/pintra-redirectef97.js]
[casoinglesmariana.com.br/wp-includes/js/jquery/jquery.mina7a0.js]
[casoinglesmariana.com.br/wp-includes/js/jquery/jquery-migrate.mind617.js]
[casoinglesmariana.com.br/wp-json/wp/v2/pages/711.json]
[casoinglesmariana.com.br/wp-json/index.html]
[casoinglesmariana.com.br/xmlrpc0db0.php]
[casoinglesmariana.com.br/wp-includes/wlwmanifest.xml]
[casoinglesmariana.com.br/wp-json/oembed/1.0/embed0eba.json]
[casoinglesmariana.com.br/wp-json/oembed/1.0/embed9be6]
[connect.facebook.net/en_US/fbevents.js]
[casoinglesmariana.com.br/wp-content/uploads/2022/08/cropped-pg-logo-transparent-324368-1000px@72ppi-32x32.png]
[casoinglesmariana.com.br/wp-content/uploads/2022/08/cropped-pg-logo-transparent-324368-1000px@72ppi-192x192.png]
[casoinglesmariana.com.br/wp-content/uploads/2022/08/cropped-pg-logo-transparent-324368-1000px@72ppi-180x180.png]
[casoinglesmariana.com.br/wp-content/uploads/2022/08/pogustgoodheadlogo-160x74.png]
[casoinglesmariana.com.br/wp-content/uploads/elementor/css/custom-pro-widget-nav-menu.min3b84.css]
[casoinglesmariana.com.br/wp-content/uploads/2021/08/BOT.png]
[casoinglesmariana.com.br/wp-content/uploads/2021/12/MicrosoftTeams-image-18.jpg]
[casoinglesmariana.com.br/wp-content/uploads/2022/08/pgfooterlogo.png]
[casoinglesmariana.com.br/wp-content/uploads/2021/08/logofooter-1-3.png]
[casoinglesmariana.com.br/wp-content/uploads/2021/08/Badge-1-1-1.png]
[casoinglesmariana.com.br/wp-content/uploads/2021/08/logofooter-1-2.png]
[casoinglesmariana.com.br/wp-content/uploads/2021/08/Badge-1-1.png]
[casoinglesmariana.com.br/wp-content/plugins/elementor/assets/lib/animations/animations.mina560.css]
[casoinglesmariana.com.br/wp-content/themes/astra/assets/js/minified/frontend.min3430.js]
[casoinglesmariana.com.br/wp-content/plugins/essential-addons-for-elementor-lite/assets/front-end/js/view/general.mind03b.js]
[casoinglesmariana.com.br/wp-content/plugins/elementor-pro/assets/lib/smartmenus/jquery.smartmenus.minf269.js]
[casoinglesmariana.com.br/wp-content/plugins/powerpack-lite-for-elementor/assets/lib/tooltipster/tooltipster.min653d.js]
[casoinglesmariana.com.br/wp-content/plugins/powerpack-lite-for-elementor/assets/js/min/frontend.min653d.js]
[casoinglesmariana.com.br/wp-content/plugins/elementor-pro/assets/js/webpack-pro.runtime.mina560.js]
[casoinglesmariana.com.br/wp-content/plugins/elementor/assets/js/webpack.runtime.mina560.js]
[casoinglesmariana.com.br/wp-content/plugins/elementor/assets/js/frontend-modules.mina560.js]
[casoinglesmariana.com.br/wp-includes/js/dist/vendor/regenerator-runtime.min3937.js]
[casoinglesmariana.com.br/wp-includes/js/dist/vendor/wp-polyfill.min2c7c.js]
[casoinglesmariana.com.br/wp-includes/js/dist/hooks.min6c65.js]
[casoinglesmariana.com.br/wp-includes/js/dist/i18n.mine57b.js]
[casoinglesmariana.com.br/wp-content/plugins/elementor-pro/assets/js/frontend.mina560.js]
[casoinglesmariana.com.br/wp-content/plugins/elementor/assets/lib/waypoints/waypoints.min05da.js]
[casoinglesmariana.com.br/wp-includes/js/jquery/ui/core.min3f14.js]
[casoinglesmariana.com.br/wp-content/plugins/elementor/assets/js/frontend.mina560.js]
[casoinglesmariana.com.br/wp-content/plugins/elementor-pro/assets/js/elements-handlers.mina560.js]
[casoinglesmariana.com.br/index.html]
[casoinglesmariana.com.br/wp-content/themes/astra/assets/css/minified/main.min3430.css]
[casoinglesmariana.com.br/wp-includes/css/dist/block-library/style.min6a4d.css]
[casoinglesmariana.com.br/wp-content/uploads/elementor/css/custom-frontend-lite.mina4eb.css]
[casoinglesmariana.com.br/wp-content/uploads/elementor/css/post-74a4eb.css]
[casoinglesmariana.com.br/wp-content/plugins/powerpack-lite-for-elementor/assets/css/min/frontend.min653d.css]
[casoinglesmariana.com.br/wp-content/uploads/elementor/css/custom-pro-frontend-lite.mina4eb.css]
[casoinglesmariana.com.br/wp-content/uploads/elementor/css/globala4eb.css]
[casoinglesmariana.com.br/wp-content/plugins/elementor-pro/assets/lib/sticky/jquery.sticky.mina560.js]
[casoinglesmariana.com.br/wp-content/uploads/2022/07/MicrosoftTeams-image.png]
[casoinglesmariana.com.br/wp-content/uploads/elementor/css/post-7114f92.css]
[casoinglesmariana.com.br/wp-content/plugins/essential-addons-for-elementor-lite/assets/front-end/css/view/general.mind03b.css]
[casoinglesmariana.com.br/b]
[casoinglesmariana.com.br/POST]
[connect.facebook.net/en_US/fbevents.js]
[casoinglesmariana.com.br/wp-content/uploads/elementor/css/custom-pro-widget-nav-menu.min3b84.css]
[casoinglesmariana.com.br/wp-content/plugins/elementor/assets/lib/animations/animations.mina560.css]
[casoinglesmariana.com.br/b.html]
[casoinglesmariana.com.br/POST.html]
